ASxxxx Linker V03.00 + NoICE + sdld,  page 1.
Hexadecimal  [32-Bits]

Area                                    Addr        Size        Decimal Bytes (Attributes)
--------------------------------        ----        ----        ------- ----- ------------
.  .ABS.                            00000000    00000000 =           0. bytes (ABS,CON)

      Value  Global                              Global Defined In Module
      -----  --------------------------------   ------------------------
     00000000  .__.ABS.                           cpct_keyboard
     00000000  l__DATA                         
     0000035E  l__CODE                         
     00004000  s__CODE                         
     0000435E  s__DATA                         

ASxxxx Linker V03.00 + NoICE + sdld,  page 2.
Hexadecimal  [32-Bits]

Area                                    Addr        Size        Decimal Bytes (Attributes)
--------------------------------        ----        ----        ------- ----- ------------
_CODE                               00004000    0000035E =         862. bytes (REL,CON)

      Value  Global                              Global Defined In Module
      -----  --------------------------------   ------------------------
     00004004  obstacle_update                    
     00004010  obstacle_draw                      
     00004016  obstacle_erase                     
     0000401C  obstacle_checkCollision            
     00004077  scene_drawFloor                    
     00004096  _main                              
     000040D1  _cpct_keyboardStatusBuffer         cpct_keyboard
     000040DB  hero_update                        cpct_keyboard
     000040E2  hero_draw                          cpct_keyboard
     000040E8  hero_erase                         cpct_keyboard
     000040EE  hero_getPointer                    cpct_keyboard
     000041BD  bullets_newBullet                  
     000041DE  bullets_update                     
     000041E2  bullets_erase                      
     000041E8  bullets_draw                       
     00004250  _cpct_isKeyPressed                 cpct_keyboard
     00004250  cpct_isKeyPressed_asm              cpct_keyboard
     0000425C  _cpct_waitVSYNC                    cpct_video
     0000425C  cpct_waitVSYNC_asm                 cpct_video
     00004264  cpct_drawSolidBox_asm              cpct_sprites
     00004310  _cpct_mode_rom_status              cpct_firmware
     00004311  cpct_getScreenPtr_asm              cpct_video
     0000432D  _cpct_scanKeyboard                 cpct_keyboard
     0000432D  cpct_scanKeyboard_asm              cpct_keyboard
ASxxxx Linker V03.00 + NoICE + sdld,  page 3.

Files Linked                              [ module(s) ]

obj/obstacle.rel                          [  ]
obj/bullets.h.rel                         [  ]
obj/scene.h.rel                           [  ]
obj/scene.rel                             [  ]
obj/main.rel                              [  ]
obj/obstacle.h.rel                        [  ]
obj/hero.rel                              [ cpct_keyboard ]
obj/cpctelera.h.rel                       [  ]
obj/bullets.rel                           [  ]
obj/hero.h.rel                            [  ]


Libraries Linked                          [ object file ]

/home/Robert/cpctelera/cpctelera/cpctelera.lib
                                          [ cpct_isKeyPressed.rel ]
/home/Robert/cpctelera/cpctelera/cpctelera.lib
                                          [ cpct_waitVSYNC.rel ]
/home/Robert/cpctelera/cpctelera/cpctelera.lib
                                          [ cpct_drawSolidBox_asmbindings.re ]
/home/Robert/cpctelera/cpctelera/cpctelera.lib
                                          [ cpc_mode_rom_status.rel ]
/home/Robert/cpctelera/cpctelera/cpctelera.lib
                                          [ cpct_getScreenPtr_asmbindings.re ]
/home/Robert/cpctelera/cpctelera/cpctelera.lib
                                          [ cpct_scanKeyboard.rel ]

ASxxxx Linker V03.00 + NoICE + sdld,  page 4.

User Base Address Definitions

_CODE = 0x4000
_DATA = 0x0000

